// Jest Snapshot v1, https://goo.gl/fbAQLP

exports[`Products container Should render properly 1`] = `
<Products>
  <div>
    Products
  </div>
</Products>
`;
